<html>
<body>
<pre>
<h1>µVision Build Log</h1>
<h2>Project:</h2>
D:\D2_55\lab1.uvproj
Project File Date:  03/25/2022

<h2>Output:</h2>
Build target 'Target 1'
assembling lab1q3.s...
lab1q3.s(22): warning: A1581W: Added 2 bytes of padding at address 0x16
linking...
Program Size: Code=72 RO-data=8 RW-data=4 ZI-data=0  
".\lab1.axf" - 0 Error(s), 1 Warning(s).
</pre>
</body>
</html>
 Could not load file 'D:\D2_55\lab1.axf'. Debugger aborted !
ough information to list image symbols.
Not enough information to list the image map.
Finished: 2 information, 0 warning and 2 error messages.
".\lab1.axf" - 2 Error(s), 1 Warning(s).
Target not created
